// Jest Snapshot v1, https://goo.gl/fbAQLP

exports[`AddOrEditDialog should render correctly 1`] = `<DocumentFragment />`;
