// Jest Snapshot v1, https://goo.gl/fbAQLP

exports[`PatientCard should render correctly 1`] = `
<DocumentFragment>
  <div
    class="rounded-lg border bg-card text-card-foreground shadow-sm max-h-fit w-full"
  >
    <div
      class="flex flex-col space-y-1.5 p-6"
    >
      <h3
        class="text-2xl font-semibold leading-none tracking-tight flex justify-between items-center"
      >
        <div
          class="flex items-center gap-2"
        >
          <img
            alt="Patient Name"
            class="h-10 w-10 rounded-full object-cover"
            src="/placeholder-user.jpg"
          />
          Patient Name
        </div>
        <button
          class="inline-flex items-center justify-center whitespace-nowrap text-sm font-medium ring-offset-background transition-colors focus-visible:outline-none focus-visible:ring-2 focus-visible:ring-ring focus-visible:ring-offset-2 disabled:pointer-events-none disabled:opacity-50 hover:bg-accent hover:text-accent-foreground h-9 rounded-md px-3"
        >
          <svg
            class="lucide lucide-chevron-down"
            fill="none"
            height="24"
            stroke="currentColor"
            stroke-linecap="round"
            stroke-linejoin="round"
            stroke-width="2"
            viewBox="0 0 24 24"
            width="24"
            xmlns="http://www.w3.org/2000/svg"
          >
            <path
              d="m6 9 6 6 6-6"
            />
          </svg>
        </button>
      </h3>
    </div>
    <div
      class="p-6 pt-0 mb-4 overflow-hidden transition-all duration-300 max-h-0"
    >
      <p>
        description
      </p>
    </div>
    <div
      class="items-center p-6 pt-0 flex justify-end space-x-2"
    >
      <button
        class="inline-flex items-center justify-center whitespace-nowrap text-sm font-medium ring-offset-background transition-colors focus-visible:outline-none focus-visible:ring-2 focus-visible:ring-ring focus-visible:ring-offset-2 disabled:pointer-events-none disabled:opacity-50 border border-input bg-background hover:bg-accent hover:text-accent-foreground h-9 rounded-md px-3"
        data-testid="edit-button"
      >
        <svg
          class="lucide lucide-square-pen mr-2 h-4 w-4"
          fill="none"
          height="24"
          stroke="currentColor"
          stroke-linecap="round"
          stroke-linejoin="round"
          stroke-width="2"
          viewBox="0 0 24 24"
          width="24"
          xmlns="http://www.w3.org/2000/svg"
        >
          <path
            d="M12 3H5a2 2 0 0 0-2 2v14a2 2 0 0 0 2 2h14a2 2 0 0 0 2-2v-7"
          />
          <path
            d="M18.375 2.625a1 1 0 0 1 3 3l-9.013 9.014a2 2 0 0 1-.853.505l-2.873.84a.5.5 0 0 1-.62-.62l.84-2.873a2 2 0 0 1 .506-.852z"
          />
        </svg>
         Edit
      </button>
      <button
        class="inline-flex items-center justify-center whitespace-nowrap text-sm font-medium ring-offset-background transition-colors focus-visible:outline-none focus-visible:ring-2 focus-visible:ring-ring focus-visible:ring-offset-2 disabled:pointer-events-none disabled:opacity-50 bg-destructive text-destructive-foreground hover:bg-destructive/90 h-9 rounded-md px-3"
      >
        <svg
          class="lucide lucide-x mr-2 h-4 w-4"
          fill="none"
          height="24"
          stroke="currentColor"
          stroke-linecap="round"
          stroke-linejoin="round"
          stroke-width="2"
          viewBox="0 0 24 24"
          width="24"
          xmlns="http://www.w3.org/2000/svg"
        >
          <path
            d="M18 6 6 18"
          />
          <path
            d="m6 6 12 12"
          />
        </svg>
         Delete
      </button>
    </div>
  </div>
</DocumentFragment>
`;
